Archive member included to satisfy reference by file (symbol)

c:/program files (x86)/atmel/studio/7.0/toolchain/avr8/avr8-gnu-toolchain/bin/../lib/gcc/avr/5.4.0/../../../../avr/lib/avr6\libm.a(addsf3.o)
                              main.o (__subsf3)
c:/program files (x86)/atmel/studio/7.0/toolchain/avr8/avr8-gnu-toolchain/bin/../lib/gcc/avr/5.4.0/../../../../avr/lib/avr6\libm.a(addsf3x.o)
                              c:/program files (x86)/atmel/studio/7.0/toolchain/avr8/avr8-gnu-toolchain/bin/../lib/gcc/avr/5.4.0/../../../../avr/lib/avr6\libm.a(addsf3.o) (__addsf3x)
c:/program files (x86)/atmel/studio/7.0/toolchain/avr8/avr8-gnu-toolchain/bin/../lib/gcc/avr/5.4.0/../../../../avr/lib/avr6\libm.a(atan2.o)
                              main.o (atan2)
c:/program files (x86)/atmel/studio/7.0/toolchain/avr8/avr8-gnu-toolchain/bin/../lib/gcc/avr/5.4.0/../../../../avr/lib/avr6\libm.a(atan.o)
                              c:/program files (x86)/atmel/studio/7.0/toolchain/avr8/avr8-gnu-toolchain/bin/../lib/gcc/avr/5.4.0/../../../../avr/lib/avr6\libm.a(atan2.o) (atan)
c:/program files (x86)/atmel/studio/7.0/toolchain/avr8/avr8-gnu-toolchain/bin/../lib/gcc/avr/5.4.0/../../../../avr/lib/avr6\libm.a(cmpsf2.o)
                              main.o (__ltsf2)
c:/program files (x86)/atmel/studio/7.0/toolchain/avr8/avr8-gnu-toolchain/bin/../lib/gcc/avr/5.4.0/../../../../avr/lib/avr6\libm.a(cos.o)
                              motors.o (cos)
c:/program files (x86)/atmel/studio/7.0/toolchain/avr8/avr8-gnu-toolchain/bin/../lib/gcc/avr/5.4.0/../../../../avr/lib/avr6\libm.a(divsf3.o)
                              main.o (__divsf3)
c:/program files (x86)/atmel/studio/7.0/toolchain/avr8/avr8-gnu-toolchain/bin/../lib/gcc/avr/5.4.0/../../../../avr/lib/avr6\libm.a(divsf3x.o)
                              c:/program files (x86)/atmel/studio/7.0/toolchain/avr8/avr8-gnu-toolchain/bin/../lib/gcc/avr/5.4.0/../../../../avr/lib/avr6\libm.a(divsf3.o) (__divsf3x)
c:/program files (x86)/atmel/studio/7.0/toolchain/avr8/avr8-gnu-toolchain/bin/../lib/gcc/avr/5.4.0/../../../../avr/lib/avr6\libm.a(exp.o)
                              main.o (exp)
c:/program files (x86)/atmel/studio/7.0/toolchain/avr8/avr8-gnu-toolchain/bin/../lib/gcc/avr/5.4.0/../../../../avr/lib/avr6\libm.a(fixsfsi.o)
                              main.o (__fixsfsi)
c:/program files (x86)/atmel/studio/7.0/toolchain/avr8/avr8-gnu-toolchain/bin/../lib/gcc/avr/5.4.0/../../../../avr/lib/avr6\libm.a(fixunssfsi.o)
                              mirf.o (__fixunssfsi)
c:/program files (x86)/atmel/studio/7.0/toolchain/avr8/avr8-gnu-toolchain/bin/../lib/gcc/avr/5.4.0/../../../../avr/lib/avr6\libm.a(floatsisf.o)
                              main.o (__floatunsisf)
c:/program files (x86)/atmel/studio/7.0/toolchain/avr8/avr8-gnu-toolchain/bin/../lib/gcc/avr/5.4.0/../../../../avr/lib/avr6\libm.a(fp_cmp.o)
                              c:/program files (x86)/atmel/studio/7.0/toolchain/avr8/avr8-gnu-toolchain/bin/../lib/gcc/avr/5.4.0/../../../../avr/lib/avr6\libm.a(cmpsf2.o) (__fp_cmp)
c:/program files (x86)/atmel/studio/7.0/toolchain/avr8/avr8-gnu-toolchain/bin/../lib/gcc/avr/5.4.0/../../../../avr/lib/avr6\libm.a(fp_inf.o)
                              c:/program files (x86)/atmel/studio/7.0/toolchain/avr8/avr8-gnu-toolchain/bin/../lib/gcc/avr/5.4.0/../../../../avr/lib/avr6\libm.a(addsf3x.o) (__fp_inf)
c:/program files (x86)/atmel/studio/7.0/toolchain/avr8/avr8-gnu-toolchain/bin/../lib/gcc/avr/5.4.0/../../../../avr/lib/avr6\libm.a(fp_nan.o)
                              c:/program files (x86)/atmel/studio/7.0/toolchain/avr8/avr8-gnu-toolchain/bin/../lib/gcc/avr/5.4.0/../../../../avr/lib/avr6\libm.a(addsf3x.o) (__fp_nan)
c:/program files (x86)/atmel/studio/7.0/toolchain/avr8/avr8-gnu-toolchain/bin/../lib/gcc/avr/5.4.0/../../../../avr/lib/avr6\libm.a(fp_powser.o)
                              c:/program files (x86)/atmel/studio/7.0/toolchain/avr8/avr8-gnu-toolchain/bin/../lib/gcc/avr/5.4.0/../../../../avr/lib/avr6\libm.a(atan.o) (__fp_powser)
c:/program files (x86)/atmel/studio/7.0/toolchain/avr8/avr8-gnu-toolchain/bin/../lib/gcc/avr/5.4.0/../../../../avr/lib/avr6\libm.a(fp_pscA.o)
                              c:/program files (x86)/atmel/studio/7.0/toolchain/avr8/avr8-gnu-toolchain/bin/../lib/gcc/avr/5.4.0/../../../../avr/lib/avr6\libm.a(addsf3x.o) (__fp_pscA)
c:/program files (x86)/atmel/studio/7.0/toolchain/avr8/avr8-gnu-toolchain/bin/../lib/gcc/avr/5.4.0/../../../../avr/lib/avr6\libm.a(fp_pscB.o)
                              c:/program files (x86)/atmel/studio/7.0/toolchain/avr8/avr8-gnu-toolchain/bin/../lib/gcc/avr/5.4.0/../../../../avr/lib/avr6\libm.a(addsf3x.o) (__fp_pscB)
c:/program files (x86)/atmel/studio/7.0/toolchain/avr8/avr8-gnu-toolchain/bin/../lib/gcc/avr/5.4.0/../../../../avr/lib/avr6\libm.a(fp_rempio2.o)
[...]
Memory Configuration

Name             Origin             Length             Attributes
text             0x00000000         0x00040000         xr
data             0x00800200         0x00002000         rw !x
eeprom           0x00810000         0x00001000         rw !x
fuse             0x00820000         0x00000003         rw !x
lock             0x00830000         0x00000400         rw !x
signature        0x00840000         0x00000400         rw !x
user_signatures  0x00850000         0x00000400         rw !x
*default*        0x00000000         0xffffffff

Linker script and memory map

Address of section .data set to 0x800200
LOAD c:/program files (x86)/atmel/studio/7.0/toolchain/avr8/avr8-gnu-toolchain/bin/../lib/gcc/avr/5.4.0/../../../../avr/lib/avr6/crtatmega2560.o
LOAD main.o
LOAD spi.o
LOAD mirf.o
LOAD ir_remote_control.o
LOAD speed_control.o
LOAD variables.o
LOAD ports_io.o
LOAD twimaster.o
LOAD usart.o
LOAD utility.o
LOAD adc.o
LOAD motors.o
LOAD behaviors.o
LOAD leds.o
LOAD sensors.o
LOAD eepromIO.o
LOAD irCommunication.o
START GROUP
LOAD c:/program files (x86)/atmel/studio/7.0/toolchain/avr8/avr8-gnu-toolchain/bin/../lib/gcc/avr/5.4.0/../../../../avr/lib/avr6\libm.a
END GROUP
START GROUP
LOAD c:/program files (x86)/atmel/studio/7.0/toolchain/avr8/avr8-gnu-toolchain/bin/../lib/gcc/avr/5.4.0/avr6\libgcc.a
LOAD c:/program files (x86)/atmel/studio/7.0/toolchain/avr8/avr8-gnu-toolchain/bin/../lib/gcc/avr/5.4.0/../../../../avr/lib/avr6\libm.a
LOAD c:/program files (x86)/atmel/studio/7.0/toolchain/avr8/avr8-gnu-toolchain/bin/../lib/gcc/avr/5.4.0/../../../../avr/lib/avr6\libc.a
LOAD c:/program files (x86)/atmel/studio/7.0/toolchain/avr8/avr8-gnu-toolchain/bin/../lib/gcc/avr/5.4.0/../../../../avr/lib/avr6\libatmega2560.a
END GROUP
                0x00000000                __TEXT_REGION_ORIGIN__ = DEFINED (__TEXT_REGION_ORIGIN__)?__TEXT_REGION_ORIGIN__:0x0
                [0x00800200]                __DATA_REGION_ORIGIN__ = DEFINED (__DATA_REGION_ORIGIN__)?__DATA_REGION_ORIGIN__:0x800200
                [0x00040000]                __TEXT_REGION_LENGTH__ = DEFINED (__TEXT_REGION_LENGTH__)?__TEXT_REGION_LENGTH__:0x100000
                [0x00002000]                __DATA_REGION_LENGTH__ = DEFINED (__DATA_REGION_LENGTH__)?__DATA_REGION_LENGTH__:0xfe00
                [0x00001000]                __EEPROM_REGION_LENGTH__ = DEFINED (__EEPROM_REGION_LENGTH__)?__EEPROM_REGION_LENGTH__:0x10000
                [0x00000003]                __FUSE_REGION_LENGTH__ = DEFINED (__FUSE_REGION_LENGTH__)?__FUSE_REGION_LENGTH__:0x400
                0x00000400                __LOCK_REGION_LENGTH__ = DEFINED (__LOCK_REGION_LENGTH__)?__LOCK_REGION_LENGTH__:0x400
                0x00000400                __SIGNATURE_REGION_LENGTH__ = DEFINED (__SIGNATURE_REGION_LENGTH__)?__SIGNATURE_REGION_LENGTH__:0x400
                0x00000400                __USER_SIGNATURE_REGION_LENGTH__ = DEFINED (__USER_SIGNATURE_REGION_LENGTH__)?__USER_SIGNATURE_REGION_LENGTH__:0x400

.hash
 *(.hash)

.dynsym
 *(.dynsym)

.dynstr
 *(.dynstr)

.gnu.version
 *(.gnu.version)

.gnu.version_d
 *(.gnu.version_d)

.gnu.version_r
 *(.gnu.version_r)

.rel.init
 *(.rel.init)

.rela.init
 *(.rela.init)

.rel.text
 *(.rel.text)
 *(.rel.text.*)
 *(.rel.gnu.linkonce.t*)

.rela.text
 *(.rela.text)
 *(.rela.text.*)
 *(.rela.gnu.linkonce.t*)

.rel.fini
 *(.rel.fini)

.rela.fini
 *(.rela.fini)

.rel.rodata
 *(.rel.rodata)
 *(.rel.rodata.*)
 *(.rel.gnu.linkonce.r*)

.rela.rodata
 *(.rela.rodata)
 *(.rela.rodata.*)
 *(.rela.gnu.linkonce.r*)

.rel.data
 *(.rel.data)
 *(.rel.data.*)
 *(.rel.gnu.linkonce.d*)

.rela.data
 *(.rela.data)
 *(.rela.data.*)
 *(.rela.gnu.linkonce.d*)

.rel.ctors
 *(.rel.ctors)

.rela.ctors
 *(.rela.ctors)

.rel.dtors
 *(.rel.dtors)

.rela.dtors
 *(.rela.dtors)

.rel.got
 *(.rel.got)

.rela.got
 *(.rela.got)

.rel.bss
 *(.rel.bss)

.rela.bss
 *(.rela.bss)

.rel.plt
 *(.rel.plt)

.rela.plt
 *(.rela.plt)

.text           0x00000000     0xa506
 *(.vectors)
 .vectors       0x00000000       0xe4 c:/program files (x86)/atmel/studio/7.0/toolchain/avr8/avr8-gnu-toolchain/bin/../lib/gcc/avr/5.4.0/../../../../avr/lib/avr6/crtatmega2560.o
                0x00000000                __vector_default
                0x00000000                __vectors
 *(.vectors)
 *(.progmem.gcc*)
 .progmem.gcc_sw_table.main
                0x000000e4       0x2e main.o
 .progmem.gcc_sw_table.handleIRRemoteCommands
                0x00000112       0x6a ir_remote_control.o
 .progmem.gcc_sw_table.__vector_29
                0x0000017c       0x1a adc.o
 .progmem.gcc_sw_table.handleCalibration
                0x00000196       0x12 motors.o
 .progmem.gcc_fplib
                0x000001a8       0x2d c:/program files (x86)/atmel/studio/7.0/toolchain/avr8/avr8-gnu-toolchain/bin/../lib/gcc/avr/5.4.0/../../../../avr/lib/avr6\libm.a(atan.o)
 .progmem.gcc_fplib
                0x000001d5       0x28 c:/program files (x86)/atmel/studio/7.0/toolchain/avr8/avr8-gnu-toolchain/bin/../lib/gcc/avr/5.4.0/../../../../avr/lib/avr6\libm.a(exp.o)
 .progmem.gcc_fplib
                0x000001fd       0x1e c:/program files (x86)/atmel/studio/7.0/toolchain/avr8/avr8-gnu-toolchain/bin/../lib/gcc/avr/5.4.0/../../../../avr/lib/avr6\libm.a(fp_sinus.o)
                0x0000021c                . = ALIGN (0x2)
 *fill*         0x0000021b        0x1 
                0x0000021c                __trampolines_start = .
 *(.trampolines)
 .trampolines   0x0000021c       0xd8 linker stubs
 *(.trampolines*)
                0x000002f4                __trampolines_end = .
 *libprintf_flt.a:*(.progmem.data)
 *libc.a:*(.progmem.data)
 *(.progmem*)
                0x000002f4                . = ALIGN (0x2)
 *(.jumptables)
 *(.jumptables*)
 *(.lowtext)
 *(.lowtext*)
                0x000002f4                __ctors_start = .
 *(.ctors)
                0x000002f4                __ctors_end = .
                0x000002f4                __dtors_start = .
 *(.dtors)
                0x000002f4                __dtors_end = .
 SORT(*)(.ctors)
 SORT(*)(.dtors)
 *(.init0)
 .init0         0x000002f4        0x0 c:/program files (x86)/atmel/studio/7.0/toolchain/avr8/avr8-gnu-toolchain/bin/../lib/gcc/avr/5.4.0/../../../../avr/lib/avr6/crtatmega2560.o
                0x000002f4                __init
 *(.init0)
 *(.init1)
 *(.init1)
 *(.init2)
 .init2         0x000002f4       0x10 c:/program files (x86)/atmel/studio/7.0/toolchain/avr8/avr8-gnu-toolchain/bin/../lib/gcc/avr/5.4.0/../../../../avr/lib/avr6/crtatmega2560.o
 *(.init2)
 *(.init3)
 *(.init3)
 *(.init4)
 .init4         0x00000304       0x1a c:/program files (x86)/atmel/studio/7.0/toolchain/avr8/avr8-gnu-toolchain/bin/../lib/gcc/avr/5.4.0/avr6\libgcc.a(_copy_data.o)
                0x00000304                __do_copy_data
 .init4         0x0000031e       0x10 c:/program files (x86)/atmel/studio/7.0/toolchain/avr8/avr8-gnu-toolchain/bin/../lib/gcc/avr/5.4.0/avr6\libgcc.a(_clear_bss.o)
                0x0000031e                __do_clear_bss
 *(.init4)
 *(.init5)
 *(.init5)
 *(.init6)
 *(.init6)
 *(.init7)
 *(.init7)
 *(.init8)
 *(.init8)
 *(.init9)
 .init9         0x0000032e        0x8 c:/program files (x86)/atmel/studio/7.0/toolchain/avr8/avr8-gnu-toolchain/bin/../lib/gcc/avr/5.4.0/../../../../avr/lib/avr6/crtatmega2560.o
 *(.init9)
 *(.text)
 .text          0x00000336        0x4 c:/program files (x86)/atmel/studio/7.0/toolchain/avr8/avr8-gnu-toolchain/bin/../lib/gcc/avr/5.4.0/../../../../avr/lib/avr6/crtatmega2560.o
                0x00000336                __vector_38
                0x00000336                __vector_22
                0x00000336                __vector_28
                0x00000336                __vector_1
                0x00000336                __vector_34
                0x00000336                __vector_24
                0x00000336                __vector_12
                0x00000336                __vector_55
                0x00000336                __vector_46
                0x00000336                __bad_interrupt
                0x00000336                __vector_6
                0x00000336                __vector_31
                0x00000336                __vector_39
                0x00000336                __vector_3
                0x00000336                __vector_23
                0x00000336                __vector_30
                0x00000336                __vector_11
                0x00000336                __vector_54
                0x00000336                __vector_17
                0x00000336                __vector_19
                0x00000336                __vector_56
                0x00000336                __vector_7
                0x00000336                __vector_49
                0x00000336                __vector_41
                0x00000336                __vector_27
                0x00000336                __vector_5
                0x00000336                __vector_47
                0x00000336                __vector_52
                0x00000336                __vector_37
                0x00000336                __vector_4
                0x00000336                __vector_44
                0x00000336                __vector_51
                0x00000336                __vector_9
                0x00000336                __vector_2
                0x00000336                __vector_21
                0x00000336                __vector_36
                0x00000336                __vector_40
                0x00000336                __vector_8
                0x00000336                __vector_26
                0x00000336                __vector_48
                0x00000336                __vector_14
                0x00000336                __vector_53
                0x00000336                __vector_50
                0x00000336                __vector_16
                0x00000336                __vector_18
                0x00000336                __vector_20
                0x0000033a                . = ALIGN (0x2)
 *(.text.*)
 .text.startup.main
                0x0000033a     0x267e main.o
                0x0000033a                main
 .text.initSPI  0x000029b8       0x18 spi.o
                0x000029b8                initSPI
 .text.SPI_ReadWrite_Block
                0x000029d0       0x50 spi.o
                0x000029d0                SPI_ReadWrite_Block
 .text.SPI_Write_Block
                0x00002a20       0x4a spi.o
                0x00002a20                SPI_Write_Block
 .text.SPI_Write_Byte
                0x00002a6a       0x24 spi.o
                0x00002a6a                SPI_Write_Byte
 .text.mirf_config
                0x00002a8e       0xfc mirf.o
                0x00002a8e                mirf_config
 .text.mirf_init
                0x00002b8a        0x8 mirf.o
                0x00002b8a                mirf_init
 .text.handleRFCommands
                0x00002b92      0xede mirf.o
                0x00002b92                handleRFCommands
 .text.init_ir_remote_control
                0x00003a70       0x36 ir_remote_control.o
                0x00003a70                init_ir_remote_control
 .text.__vector_10
                0x00003aa6       0x68 ir_remote_control.o
                0x00003aa6                __vector_10
 .text.__vector_13
                0x00003b0e      0x21e ir_remote_control.o
                0x00003b0e                __vector_13
 .text.handleIRRemoteCommands
                0x00003d2c      0x49e ir_remote_control.o
                0x00003d2c                handleIRRemoteCommands
 .text.start_speed_control_right
                0x000041ca      0x24e speed_control.o
                0x000041ca                start_speed_control_right
 .text.start_speed_control_left
                0x00004418      0x24e speed_control.o
                0x00004418                start_speed_control_left
 .text.initPortsIO
                0x00004666       0xc8 ports_io.o
                0x00004666                initPortsIO
 .text.i2c_init
                0x0000472e       0x10 twimaster.o
                0x0000472e                i2c_init
 .text.i2c_start
                0x0000473e       0x44 twimaster.o
                0x0000473e                i2c_start
 .text.i2c_rep_start
                0x00004782       0x44 twimaster.o
                0x00004782                i2c_rep_start
 .text.i2c_stop
                0x000047c6       0x10 twimaster.o
                0x000047c6                i2c_stop
 .text.i2c_write
                0x000047d6       0x24 twimaster.o
                0x000047d6                i2c_write
 .text.i2c_readAck
                0x000047fa       0x14 twimaster.o
                0x000047fa                i2c_readAck
 .text.i2c_readNak
                0x0000480e       0x14 twimaster.o
                0x0000480e                i2c_readNak
 .text.initUsart0
                0x00004822       0x2a usart.o
                0x00004822                initUsart0
 .text.__vector_25
                0x0000484c      0x160 usart.o
                0x0000484c                __vector_25
 .text.getSelector
                0x000049ac       0x28 utility.o
                0x000049ac                getSelector
 .text.initPeripherals
                0x000049d4       0xc0 utility.o
                0x000049d4                initPeripherals
 .text.__vector_15
                0x00004a94       0x14 utility.o
                0x00004a94                __vector_15
 .text.getTime100MicroSec
                0x00004aa8       0x12 utility.o
                0x00004aa8                getTime100MicroSec
 .text.readBatteryLevel
                0x00004aba        0x8 utility.o
                0x00004aba                readBatteryLevel
 .text.resetOdometry
                0x00004ac2       0xa2 utility.o
                0x00004ac2                resetOdometry
 .text.initAdc  0x00004b64       0x46 adc.o
                0x00004b64                initAdc
 .text.__vector_29
                0x00004baa      0xbb8 adc.o
                0x00004baa                __vector_29
 .text.handleSoftAcceleration.part.0
                0x00005762       0xe6 motors.o
 .text.initMotors
                0x00005848       0xbc motors.o
                0x00005848                initMotors
 .text.handleMotorsWithNoController
                0x00005904      0x322 motors.o
                0x00005904                handleMotorsWithNoController
 .text.setLeftSpeed
                0x00005c26       0x3a motors.o
                0x00005c26                setLeftSpeed
 .text.setRightSpeed
                0x00005c60       0x3a motors.o
                0x00005c60                setRightSpeed
 .text.updateOdomData
                0x00005c9a      0x1ce motors.o
                0x00005c9a                updateOdomData
 .text.handleCalibration
                0x00005e68      0x626 motors.o
                0x00005e68                handleCalibration
 .text.getInputFromSpeed
                0x0000648e      0x6ae motors.o
                0x0000648e                getInputFromSpeed
 .text.getRightSpeedFromInput
                0x00006b3c      0x58c motors.o
                0x00006b3c                getRightSpeedFromInput
 .text.getLeftSpeedFromInput
                0x000070c8      0x58c motors.o
                0x000070c8                getLeftSpeedFromInput
 .text.handleMotorsWithSpeedController
                0x00007654      0xb18 motors.o
                0x00007654                handleMotorsWithSpeedController
 .text.writeDefaultCalibration
                0x0000816c      0x34c motors.o
                0x0000816c                writeDefaultCalibration
 .text.initCalibration
                0x000084b8       0x16 motors.o
                0x000084b8                initCalibration
 .text.__vector_45
                0x000084ce      0x12a motors.o
                0x000084ce                __vector_45
 .text.__vector_42
                0x000085f8       0x2c motors.o
                0x000085f8                __vector_42
 .text.__vector_43
                0x00008624       0x2c motors.o
                0x00008624                __vector_43
 .text.__vector_35
                0x00008650      0x116 motors.o
                0x00008650                __vector_35
 .text.__vector_32
                0x00008766       0x2c motors.o
                0x00008766                __vector_32
 .text.__vector_33
                0x00008792       0x2c motors.o
                0x00008792                __vector_33
 .text.initBehaviors
                0x000087be        0xc behaviors.o
                0x000087be                initBehaviors
 .text.obstacleAvoidance
                0x000087ca      0x3f2 behaviors.o
                0x000087ca                obstacleAvoidance
 .text.enableObstacleAvoidance
                0x00008bbc        0x8 behaviors.o
                0x00008bbc                enableObstacleAvoidance
 .text.disableObstacleAvoidance
                0x00008bc4        0x6 behaviors.o
                0x00008bc4                disableObstacleAvoidance
 .text.enableCliffAvoidance
                0x00008bca        0x8 behaviors.o
                0x00008bca                enableCliffAvoidance
 .text.disableCliffAvoidance
                0x00008bd2        0x6 behaviors.o
                0x00008bd2                disableCliffAvoidance
 .text.initRGBleds
                0x00008bd8       0x44 leds.o
                0x00008bd8                initRGBleds
 .text.updateRedLed
                0x00008c1c       0x28 leds.o
                0x00008c1c                updateRedLed
 .text.updateGreenLed
                0x00008c44       0x28 leds.o
                0x00008c44                updateGreenLed
 .text.updateBlueLed
                0x00008c6c       0x28 leds.o
                0x00008c6c                updateBlueLed
 .text.initAccelerometer
                0x00008c94       0x8e sensors.o
                0x00008c94                initAccelerometer
 .text.readAccelXYZ
                0x00008d22      0x22a sensors.o
                0x00008d22                readAccelXYZ
 .text.calibrateSensors
                0x00008f4c      0x94a sensors.o
                0x00008f4c                calibrateSensors
 .text.computeAngle
                0x00009896       0xe2 sensors.o
                0x00009896                computeAngle
 .text.writeCalibrationToFlash
                0x00009978       0x1c eepromIO.o
                0x00009978                writeCalibrationToFlash
 .text.readCalibrationFromFlash
                0x00009994       0x10 eepromIO.o
                0x00009994                readCalibrationFromFlash
 .text.irCommInitReceiver
                0x000099a4       0x10 irCommunication.o
                0x000099a4                irCommInitReceiver
 .text.avr-libc.fplib
                0x000099b4        0xe c:/program files (x86)/atmel/studio/7.0/toolchain/avr8/avr8-gnu-toolchain/bin/../lib/gcc/avr/5.4.0/../../../../avr/lib/avr6\libm.a(addsf3.o)
                0x000099b4                __subsf3
                0x000099b6                __addsf3
 .text.avr-libc.fplib
                0x000099c2       0xcc c:/program files (x86)/atmel/studio/7.0/toolchain/avr8/avr8-gnu-toolchain/bin/../lib/gcc/avr/5.4.0/../../../../avr/lib/avr6\libm.a(addsf3x.o)
                0x000099e4                __addsf3x
 .text.avr-libc.fplib
                0x00009a8e       0x86 c:/program files (x86)/atmel/studio/7.0/toolchain/avr8/avr8-gnu-toolchain/bin/../lib/gcc/avr/5.4.0/../../../../avr/lib/avr6\libm.a(atan2.o)
                0x00009ab4                atan2
 .text.avr-libc.fplib
                0x00009b14       0x5e c:/program files (x86)/atmel/studio/7.0/toolchain/avr8/avr8-gnu-toolchain/bin/../lib/gcc/avr/5.4.0/../../../../avr/lib/avr6\libm.a(atan.o)
                0x00009b14                atan
 .text.avr-libc.fplib
                0x00009b72        0xa c:/program files (x86)/atmel/studio/7.0/toolchain/avr8/avr8-gnu-toolchain/bin/../lib/gcc/avr/5.4.0/../../../../avr/lib/avr6\libm.a(cmpsf2.o)
                0x00009b72                __nesf2
                0x00009b72                __eqsf2
                0x00009b72                __cmpsf2
                0x00009b72                __ltsf2
                0x00009b72                __lesf2
 .text.avr-libc.fplib
                0x00009b7c        0xa c:/program files (x86)/atmel/studio/7.0/toolchain/avr8/avr8-gnu-toolchain/bin/../lib/gcc/avr/5.4.0/../../../../avr/lib/avr6\libm.a(cos.o)
                0x00009b7c                cos
 .text.avr-libc.fplib
                0x00009b86        0x8 c:/program files (x86)/atmel/studio/7.0/toolchain/avr8/avr8-gnu-toolchain/bin/../lib/gcc/avr/5.4.0/../../../../avr/lib/avr6\libm.a(divsf3.o)
                0x00009b86                __divsf3
 .text.avr-libc.fplib
                0x00009b8e       0xdc c:/program files (x86)/atmel/studio/7.0/toolchain/avr8/avr8-gnu-toolchain/bin/../lib/gcc/avr/5.4.0/../../../../avr/lib/avr6\libm.a(divsf3x.o)
                0x00009bae                __divsf3x
                0x00009bb4                __divsf3_pse
 .text.avr-libc.fplib
                0x00009c6a       0x74 c:/program files (x86)/atmel/studio/7.0/toolchain/avr8/avr8-gnu-toolchain/bin/../lib/gcc/avr/5.4.0/../../../../avr/lib/avr6\libm.a(exp.o)
                0x00009c7a                exp
 .text.avr-libc.fplib
                0x00009cde        0xe c:/program files (x86)/atmel/studio/7.0/toolchain/avr8/avr8-gnu-toolchain/bin/../lib/gcc/avr/5.4.0/../../../../avr/lib/avr6\libm.a(fixsfsi.o)
                0x00009cde                __fixsfsi
 .text.avr-libc.fplib
                0x00009cec       0x5e c:/program files (x86)/atmel/studio/7.0/toolchain/avr8/avr8-gnu-toolchain/bin/../lib/gcc/avr/5.4.0/../../../../avr/lib/avr6\libm.a(fixunssfsi.o)
                0x00009cec                __fixunssfsi
 .text.avr-libc.fplib
                0x00009d4a       0x7a c:/program files (x86)/atmel/studio/7.0/toolchain/avr8/avr8-gnu-toolchain/bin/../lib/gcc/avr/5.4.0/../../../../avr/lib/avr6\libm.a(floatsisf.o)
                0x00009d4a                __floatunsisf
                0x00009d4e                __floatsisf
 .text.avr-libc.fplib
                0x00009dc4       0x48 c:/program files (x86)/atmel/studio/7.0/toolchain/avr8/avr8-gnu-toolchain/bin/../lib/gcc/avr/5.4.0/../../../../avr/lib/avr6\libm.a(fp_cmp.o)
                0x00009dc4                __fp_cmp
 .text.avr-libc.fplib
                0x00009e0c        0xc c:/program files (x86)/atmel/studio/7.0/toolchain/avr8/avr8-gnu-toolchain/bin/../lib/gcc/avr/5.4.0/../../../../avr/lib/avr6\libm.a(fp_inf.o)
                0x00009e0c                __fp_inf
 .text.avr-libc.fplib
                0x00009e18        0x6 c:/program files (x86)/atmel/studio/7.0/toolchain/avr8/avr8-gnu-toolchain/bin/../lib/gcc/avr/5.4.0/../../../../avr/lib/avr6\libm.a(fp_nan.o)
                0x00009e18                __fp_nan
 .text.avr-libc.fplib
                0x00009e1e       0x4e c:/program files (x86)/atmel/studio/7.0/toolchain/avr8/avr8-gnu-toolchain/bin/../lib/gcc/avr/5.4.0/../../../../avr/lib/avr6\libm.a(fp_powser.o)
                0x00009e1e                __fp_powser
 .text.avr-libc.fplib
                0x00009e6c        0xe c:/program files (x86)/atmel/studio/7.0/toolchain/avr8/avr8-gnu-toolchain/bin/../lib/gcc/avr/5.4.0/../../../../avr/lib/avr6\libm.a(fp_pscA.o)
                0x00009e6c                __fp_pscA
 .text.avr-libc.fplib
                0x00009e7a        0xe c:/program files (x86)/atmel/studio/7.0/toolchain/avr8/avr8-gnu-toolchain/bin/../lib/gcc/avr/5.4.0/../../../../avr/lib/avr6\libm.a(fp_pscB.o)
                0x00009e7a                __fp_pscB
 .text.avr-libc.fplib
                0x00009e88       0x56 c:/program files (x86)/atmel/studio/7.0/toolchain/avr8/avr8-gnu-toolchain/bin/../lib/gcc/avr/5.4.0/../../../../avr/lib/avr6\libm.a(fp_rempio2.o)
                0x00009e8c                __fp_rempio2
 .text.avr-libc.fplib
                0x00009ede       0x22 c:/program files (x86)/atmel/studio/7.0/toolchain/avr8/avr8-gnu-toolchain/bin/../lib/gcc/avr/5.4.0/../../../../avr/lib/avr6\libm.a(fp_round.o)
                0x00009ede                __fp_round
 .text.avr-libc.fplib
                0x00009f00       0x28 c:/program files (x86)/atmel/studio/7.0/toolchain/avr8/avr8-gnu-toolchain/bin/../lib/gcc/avr/5.4.0/../../../../avr/lib/avr6\libm.a(fp_sinus.o)
                0x00009f00                __fp_sinus
 .text.avr-libc.fplib
                0x00009f28       0x44 c:/program files (x86)/atmel/studio/7.0/toolchain/avr8/avr8-gnu-toolchain/bin/../lib/gcc/avr/5.4.0/../../../../avr/lib/avr6\libm.a(fp_split3.o)
                0x00009f28                __fp_split3
                0x00009f38                __fp_splitA
 .text.avr-libc.fplib
                0x00009f6c        0xe c:/program files (x86)/atmel/studio/7.0/toolchain/avr8/avr8-gnu-toolchain/bin/../lib/gcc/avr/5.4.0/../../../../avr/lib/avr6\libm.a(fp_zero.o)
                0x00009f6c                __fp_zero
                0x00009f6e                __fp_szero
 .text.avr-libc.fplib
                0x00009f7a        0xa c:/program files (x86)/atmel/studio/7.0/toolchain/avr8/avr8-gnu-toolchain/bin/../lib/gcc/avr/5.4.0/../../../../avr/lib/avr6\libm.a(gesf2.o)
                0x00009f7a                __gesf2
                0x00009f7a                __gtsf2
 .text.avr-libc.fplib
                0x00009f84       0x10 c:/program files (x86)/atmel/studio/7.0/toolchain/avr8/avr8-gnu-toolchain/bin/../lib/gcc/avr/5.4.0/../../../../avr/lib/avr6\libm.a(inverse.o)
                0x00009f84                inverse
 .text.avr-libc.fplib
                0x00009f94       0x74 c:/program files (x86)/atmel/studio/7.0/toolchain/avr8/avr8-gnu-toolchain/bin/../lib/gcc/avr/5.4.0/../../../../avr/lib/avr6\libm.a(ldexp.o)
                0x00009f9c                ldexp
 .text.avr-libc.fplib
                0x0000a008       0x68 c:/program files (x86)/atmel/studio/7.0/toolchain/avr8/avr8-gnu-toolchain/bin/../lib/gcc/avr/5.4.0/../../../../avr/lib/avr6\libm.a(modf.o)
                0x0000a008                modf
                0x0000a008                modff
 .text.avr-libc.fplib
                0x0000a070        0x8 c:/program files (x86)/atmel/studio/7.0/toolchain/avr8/avr8-gnu-toolchain/bin/../lib/gcc/avr/5.4.0/../../../../avr/lib/avr6\libm.a(mulsf3.o)
                0x0000a070                __mulsf3
 .text.avr-libc.fplib
                0x0000a078       0xd2 c:/program files (x86)/atmel/studio/7.0/toolchain/avr8/avr8-gnu-toolchain/bin/../lib/gcc/avr/5.4.0/../../../../avr/lib/avr6\libm.a(mulsf3x.o)
                0x0000a096                __mulsf3x
                0x0000a09c                __mulsf3_pse
 .text.avr-libc.fplib
                0x0000a14a       0x10 c:/program files (x86)/atmel/studio/7.0/toolchain/avr8/avr8-gnu-toolchain/bin/../lib/gcc/avr/5.4.0/../../../../avr/lib/avr6\libm.a(sin.o)
                0x0000a14a                sin
 .text.avr-libc.fplib
                0x0000a15a       0x8c c:/program files (x86)/atmel/studio/7.0/toolchain/avr8/avr8-gnu-toolchain/bin/../lib/gcc/avr/5.4.0/../../../../avr/lib/avr6\libm.a(sqrt.o)
                0x0000a166                sqrtf
                0x0000a166                sqrt
 .text.avr-libc.fplib
                0x0000a1e6        0x8 c:/program files (x86)/atmel/studio/7.0/toolchain/avr8/avr8-gnu-toolchain/bin/../lib/gcc/avr/5.4.0/../../../../avr/lib/avr6\libm.a(square.o)
                0x0000a1e6                square
 .text.avr-libc.fplib
                0x0000a1ee       0x1c c:/program files (x86)/atmel/studio/7.0/toolchain/avr8/avr8-gnu-toolchain/bin/../lib/gcc/avr/5.4.0/../../../../avr/lib/avr6\libm.a(fp_mpack.o)
                0x0000a1ee                __fp_mpack
                0x0000a1f2                __fp_mpack_finite
 .text.avr-libc.fplib
                0x0000a20a        0xe c:/program files (x86)/atmel/studio/7.0/toolchain/avr8/avr8-gnu-toolchain/bin/../lib/gcc/avr/5.4.0/../../../../avr/lib/avr6\libm.a(fp_norm2.o)
                0x0000a20a                __fp_norm2
 .text.avr-libc.fplib
                0x0000a218       0x28 c:/program files (x86)/atmel/studio/7.0/toolchain/avr8/avr8-gnu-toolchain/bin/../lib/gcc/avr/5.4.0/../../../../avr/lib/avr6\libm.a(fp_powsodd.o)
                0x0000a218                __fp_powsodd
 .text.libgcc.mul
                0x0000a240       0x20 c:/program files (x86)/atmel/studio/7.0/toolchain/avr8/avr8-gnu-toolchain/bin/../lib/gcc/avr/5.4.0/avr6\libgcc.a(_mulsi3.o)
                0x0000a240                __mulsi3
 .text.libgcc.div
                0x0000a260       0x28 c:/program files (x86)/atmel/studio/7.0/toolchain/avr8/avr8-gnu-toolchain/bin/../lib/gcc/avr/5.4.0/avr6\libgcc.a(_divmodhi4.o)
                0x0000a260                _div
                0x0000a260                __divmodhi4
 .text.libgcc.div
                0x0000a288       0x44 c:/program files (x86)/atmel/studio/7.0/toolchain/avr8/avr8-gnu-toolchain/bin/../lib/gcc/avr/5.4.0/avr6\libgcc.a(_udivmodsi4.o)
                0x0000a288                __udivmodsi4
 .text.libgcc.div
                0x0000a2cc       0x2e c:/program files (x86)/atmel/studio/7.0/toolchain/avr8/avr8-gnu-toolchain/bin/../lib/gcc/avr/5.4.0/avr6\libgcc.a(_divmodsi4.o)
                0x0000a2cc                __divmodsi4
 .text.libgcc.div
                0x0000a2fa       0x10 c:/program files (x86)/atmel/studio/7.0/toolchain/avr8/avr8-gnu-toolchain/bin/../lib/gcc/avr/5.4.0/avr6\libgcc.a(_negsi2.o)
                0x0000a2fa                __negsi2
 .text.libgcc   0x0000a30a       0x10 c:/program files (x86)/atmel/studio/7.0/toolchain/avr8/avr8-gnu-toolchain/bin/../lib/gcc/avr/5.4.0/avr6\libgcc.a(_tablejump2.o)
                0x0000a30a                __tablejump2__
 .text.libgcc.mul
                0x0000a31a       0x16 c:/program files (x86)/atmel/studio/7.0/toolchain/avr8/avr8-gnu-toolchain/bin/../lib/gcc/avr/5.4.0/avr6\libgcc.a(_muluhisi3.o)
                0x0000a31a                __muluhisi3
 .text.libgcc   0x0000a330       0x12 c:/program files (x86)/atmel/studio/7.0/toolchain/avr8/avr8-gnu-toolchain/bin/../lib/gcc/avr/5.4.0/avr6\libgcc.a(_subdi3.o)
                0x0000a330                __subdi3
 .text.libgcc.div
                0x0000a342       0x28 c:/program files (x86)/atmel/studio/7.0/toolchain/avr8/avr8-gnu-toolchain/bin/../lib/gcc/avr/5.4.0/avr6\libgcc.a(_udivmodhi4.o)
                0x0000a342                __udivmodhi4
 .text.libgcc.mul
                0x0000a36a       0x1e c:/program files (x86)/atmel/studio/7.0/toolchain/avr8/avr8-gnu-toolchain/bin/../lib/gcc/avr/5.4.0/avr6\libgcc.a(_umulhisi3.o)
                0x0000a36a                __umulhisi3
 .text.avr-libc
                0x0000a388       0xb4 c:/program files (x86)/atmel/studio/7.0/toolchain/avr8/avr8-gnu-toolchain/bin/../lib/gcc/avr/5.4.0/../../../../avr/lib/avr6\libc.a(rand.o)
                0x0000a41a                rand_r
                0x0000a41e                rand
                0x0000a426                srand
 .text.avr-libc
                0x0000a43c        0xe c:/program files (x86)/atmel/studio/7.0/toolchain/avr8/avr8-gnu-toolchain/bin/../lib/gcc/avr/5.4.0/../../../../avr/lib/avr6\libc.a(memset.o)
                0x0000a43c                memset
 .text.avr-libc
                0x0000a44a       0x20 c:/program files (x86)/atmel/studio/7.0/toolchain/avr8/avr8-gnu-toolchain/bin/../lib/gcc/avr/5.4.0/../../../../avr/lib/avr6\libatmega2560.a(eerd_block.o)
                0x0000a44a                eeprom_read_block
                0x0000a44e                eeprom_read_blraw
 .text.avr-libc
                0x0000a46a       0x10 c:/program files (x86)/atmel/studio/7.0/toolchain/avr8/avr8-gnu-toolchain/bin/../lib/gcc/avr/5.4.0/../../../../avr/lib/avr6\libatmega2560.a(eerd_byte.o)
                0x0000a46a                eeprom_read_byte
 .text.avr-libc
                0x0000a47a        0xc c:/program files (x86)/atmel/studio/7.0/toolchain/avr8/avr8-gnu-toolchain/bin/../lib/gcc/avr/5.4.0/../../../../avr/lib/avr6\libatmega2560.a(eerd_word.o)
                0x0000a47a                eeprom_read_word
 .text.avr-libc
                0x0000a486       0x20 c:/program files (x86)/atmel/studio/7.0/toolchain/avr8/avr8-gnu-toolchain/bin/../lib/gcc/avr/5.4.0/../../../../avr/lib/avr6\libatmega2560.a(eeupd_block.o)
                0x0000a486                eeprom_update_block
 .text.avr-libc
                0x0000a4a6       0x24 c:/program files (x86)/atmel/studio/7.0/toolchain/avr8/avr8-gnu-toolchain/bin/../lib/gcc/avr/5.4.0/../../../../avr/lib/avr6\libatmega2560.a(eeupd_byte.o)
                0x0000a4a6                eeprom_update_byte
                0x0000a4a8                eeprom_update_r18
 .text.avr-libc
                0x0000a4ca        0xc c:/program files (x86)/atmel/studio/7.0/toolchain/avr8/avr8-gnu-toolchain/bin/../lib/gcc/avr/5.4.0/../../../../avr/lib/avr6\libatmega2560.a(eeupd_word.o)
                0x0000a4ca                eeprom_update_word
 .text.avr-libc
                0x0000a4d6       0x1c c:/program files (x86)/atmel/studio/7.0/toolchain/avr8/avr8-gnu-toolchain/bin/../lib/gcc/avr/5.4.0/../../../../avr/lib/avr6\libatmega2560.a(eewr_byte.o)
                0x0000a4d6                eeprom_write_byte
                0x0000a4d8                eeprom_write_r18
 .text.libgcc.mul
                0x0000a4f2       0x10 c:/program files (x86)/atmel/studio/7.0/toolchain/avr8/avr8-gnu-toolchain/bin/../lib/gcc/avr/5.4.0/avr6\libgcc.a(_mulshisi3.o)
                0x0000a4f2                __mulshisi3
                0x0000a4f8                __mulohisi3
                0x0000a502                . = ALIGN (0x2)
 *(.fini9)
 .fini9         0x0000a502        0x0 c:/program files (x86)/atmel/studio/7.0/toolchain/avr8/avr8-gnu-toolchain/bin/../lib/gcc/avr/5.4.0/avr6\libgcc.a(_exit.o)
                0x0000a502                _exit
                0x0000a502                exit
 *(.fini9)
 *(.fini8)
 *(.fini8)
 *(.fini7)
 *(.fini7)
 *(.fini6)
 *(.fini6)
 *(.fini5)
 *(.fini5)
 *(.fini4)
 *(.fini4)
 *(.fini3)
 *(.fini3)
 *(.fini2)
 *(.fini2)
 *(.fini1)
 *(.fini1)
 *(.fini0)
 .fini0         0x0000a502        0x4 c:/program files (x86)/atmel/studio/7.0/toolchain/avr8/avr8-gnu-toolchain/bin/../lib/gcc/avr/5.4.0/avr6\libgcc.a(_exit.o)
 *(.fini0)
                0x0000a506                _etext = .

.data           0x00800200       0x2e load address 0x0000a506
                0x00800200                PROVIDE (__data_start, .)
 *(.data)
 .data          0x00800200        0x4 c:/program files (x86)/atmel/studio/7.0/toolchain/avr8/avr8-gnu-toolchain/bin/../lib/gcc/avr/5.4.0/../../../../avr/lib/avr6\libc.a(rand.o)
 *(.data*)
 .data.i.6832   0x00800204        0x2 ir_remote_control.o
 .data.check    0x00800206        0x1 ir_remote_control.o
                0x00800206                check
 .data.speedStep
                0x00800207        0x1 variables.o
                0x00800207                speedStep
 .data.robotPosition
                0x00800208        0x1 variables.o
                0x00800208                robotPosition
 .data.currPosition
                0x00800209        0x1 variables.o
                0x00800209                currPosition
 .data.accelAddress
                0x0080020a        0x1 variables.o
                0x0080020a                accelAddress
 .data.checkGlitch
                0x0080020b        0x1 variables.o
                0x0080020b                checkGlitch
 .data.chooseMenu
                0x0080020c        0x1 variables.o
                0x0080020c                chooseMenu
 .data.pwm_blue
                0x0080020d        0x1 variables.o
                0x0080020d                pwm_blue
 .data.pwm_green
                0x0080020e        0x1 variables.o
                0x0080020e                pwm_green
 .data.pwm_red  0x0080020f        0x1 variables.o
                0x0080020f                pwm_red
 .data.packetId
                0x00800210        0x1 variables.o
                0x00800210                packetId
 .data.firstSampleLeft
                0x00800211        0x1 variables.o
                0x00800211                firstSampleLeft
 .data.firstSampleRight
                0x00800212        0x1 variables.o
                0x00800212                firstSampleRight
 .data.compute_right_vel
                0x00800213        0x1 variables.o
                0x00800213                compute_right_vel
 .data.compute_left_vel
                0x00800214        0x1 variables.o
                0x00800214                compute_left_vel
 .data.u_max    0x00800215        0x4 variables.o
                0x00800215                u_max
 .data.error_radius
                0x00800219        0x2 variables.o
                0x00800219                error_radius
 .data.trigger_count
                0x0080021b        0x2 variables.o
                0x0080021b                trigger_count
 .data.h        0x0080021d        0x4 variables.o
                0x0080021d                h
 .data.K        0x00800221        0x4 variables.o
                0x00800221                K
 .data.lambda_2
                0x00800225        0x4 variables.o
                0x00800225                lambda_2
 .data.id       0x00800229        0x2 variables.o
                0x00800229                id
 .data.ROBOTS   0x0080022b        0x2 variables.o
                0x0080022b                ROBOTS
 *(.gnu.linkonce.d*)
 *(.rodata)
 *(.rodata*)
 *(.gnu.linkonce.r*)
                0x0080022e                . = ALIGN (0x2)
 *fill*         0x0080022d        0x1 
                0x0080022e                _edata = .
                0x0080022e                PROVIDE (__data_end, .)

.bss            0x0080022e     0x1334
                0x0080022e                PROVIDE (__bss_start, .)
 *(.bss)
 *(.bss*)
 .bss.NextState.7195
                0x0080022e        0x1 main.o
 .bss.u.7190    0x0080022f        0x8 main.o
 .bss.u.7179    0x00800237        0x8 main.o
 .bss.u.7157    0x0080023f        0x8 main.o
 .bss.angle_state
                0x00800247        0x1 main.o
                0x00800247                angle_state
 .bss.start_state0
                0x00800248        0x4 main.o
                0x00800248                start_state0
 .bss.data_ir   0x0080024c        0x1 ir_remote_control.o
                0x0080024c                data_ir
 .bss.address   0x0080024d        0x1 ir_remote_control.o
                0x0080024d                address
 .bss.check_temp
                0x0080024e        0x1 ir_remote_control.o
 .bss.data_temp
                0x0080024f        0x1 ir_remote_control.o
 .bss.address_temp
                0x00800250        0x1 ir_remote_control.o
 .bss.irCommTxSensorGroup
                0x00800251        0x1 variables.o
                0x00800251                irCommTxSensorGroup
 .bss.irCommTxDurationCycle
                0x00800252        0x1 variables.o
                0x00800252                irCommTxDurationCycle
 .bss.irCommTxSwitchCounter
                0x00800253        0x1 variables.o
                0x00800253                irCommTxSwitchCounter
 .bss.irCommTxSwitchCount
                0x00800254        0x1 variables.o
                0x00800254                irCommTxSwitchCount
 .bss.irCommTxDuration
                0x00800255        0x2 variables.o
                0x00800255                irCommTxDuration
 .bss.irCommTxPulseState
                0x00800257        0x1 variables.o
                0x00800257                irCommTxPulseState
 .bss.irCommTxBitCount
                0x00800258        0x1 variables.o
                0x00800258                irCommTxBitCount
 .bss.irCommTxLastTransmissionTime
                0x00800259        0x4 variables.o
                0x00800259                irCommTxLastTransmissionTime
 .bss.irCommTxByteEnqueued
                0x0080025d        0x1 variables.o
                0x0080025d                irCommTxByteEnqueued
 .bss.irCommAdcTxState
                0x0080025e        0x1 variables.o
                0x0080025e                irCommAdcTxState
 .bss.irCommRxBitSkipped
                0x0080025f        0x1 variables.o
                0x0080025f                irCommRxBitSkipped
 .bss.irCommShiftCount
                0x00800260        0x1 variables.o
                0x00800260                irCommShiftCount
 .bss.irCommRxWindowSamples
                0x00800261        0x1 variables.o
                0x00800261                irCommRxWindowSamples
 .bss.irCommAdcRxState
                0x00800262        0x1 variables.o
                0x00800262                irCommAdcRxState
 .bss.irCommSendValues
                0x00800263        0x1 variables.o
                0x00800263                irCommSendValues
 .bss.irCommState
                0x00800264        0x1 variables.o
                0x00800264                irCommState
 .bss.irCommMode
                0x00800265        0x1 variables.o
                0x00800265                irCommMode
 .bss.irCommEnabledNext
                0x00800266        0x1 variables.o
                0x00800266                irCommEnabledNext
 .bss.irCommEnabled
                0x00800267        0x1 variables.o
                0x00800267                irCommEnabled
 .bss.calibrationThr
                0x00800268        0x2 variables.o
                0x00800268                calibrationThr
 .bss.maxGround
                0x0080026a        0x2 variables.o
                0x0080026a                maxGround
 .bss.minGround
                0x0080026c        0x2 variables.o
                0x0080026c                minGround
 .bss.timeRightOdom
                0x0080026e        0x4 variables.o
                0x0080026e                timeRightOdom
 .bss.timeLeftOdom
                0x00800272        0x4 variables.o
                0x00800272                timeLeftOdom
 .bss.speedRightFromEnc
                0x00800276        0x2 variables.o
                0x00800276                speedRightFromEnc
 .bss.speedLeftFromEnc
                0x00800278        0x2 variables.o
                0x00800278                speedLeftFromEnc
 .bss.avgRightSpeed
                0x0080027a        0x2 variables.o
                0x0080027a                avgRightSpeed
 .bss.avgLeftSpeed
                0x0080027c        0x2 variables.o
                0x0080027c                avgLeftSpeed
 .bss.rightSumCount
                0x0080027e        0x2 variables.o
                0x0080027e                rightSumCount
 .bss.leftSumCount
                0x00800280        0x2 variables.o
                0x00800280                leftSumCount
 .bss.rightSpeedSumOdom
                0x00800282        0x4 variables.o
                0x00800282                rightSpeedSumOdom
 .bss.leftSpeedSumOdom
                0x00800286        0x4 variables.o
                0x00800286                leftSpeedSumOdom
 .bss.thetaAcc  0x0080028a        0x4 variables.o
                0x0080028a                thetaAcc
 .bss.computeOdometry
                0x0080028e        0x1 variables.o
                0x0080028e                computeOdometry
 .bss.rightDistPrev
                0x0080028f        0x4 variables.o
                0x0080028f                rightDistPrev
 .bss.leftDistPrev
                0x00800293        0x4 variables.o
                0x00800293                leftDistPrev
 .bss.rightDist
                0x00800297        0x4 variables.o
                0x00800297                rightDist
 .bss.leftDist  0x0080029b        0x4 variables.o
                0x0080029b                leftDist
 .bss.deltaDist
                0x0080029f        0x4 variables.o
                0x0080029f                deltaDist
 .bss.yPos      0x008002a3        0x4 variables.o
                0x008002a3                yPos
 .bss.xPos      0x008002a7        0x4 variables.o
                0x008002a7                xPos
 .bss.lastTheta
                0x008002ab        0x4 variables.o
                0x008002ab                lastTheta
 .bss.theta     0x008002af        0x4 variables.o
                0x008002af                theta
 .bss.cliffDetectedFlag
                0x008002b3        0x1 variables.o
                0x008002b3                cliffDetectedFlag
 .bss.cliffAvoidanceEnabled
                0x008002b4        0x1 variables.o
                0x008002b4                cliffAvoidanceEnabled
 .bss.obstacleAvoidanceEnabled
                0x008002b5        0x1 variables.o
                0x008002b5                obstacleAvoidanceEnabled
 .bss.lastTick  0x008002b6        0x4 variables.o
                0x008002b6                lastTick
 .bss.calibrationWritten
                0x008002ba        0x1 variables.o
                0x008002ba                calibrationWritten
 .bss.softAccEnabled
                0x008002bb        0x1 variables.o
                0x008002bb                softAccEnabled
 .bss.speedStepCounter
                0x008002bc        0x8 variables.o
                0x008002bc                speedStepCounter
 .bss.demoStartTime
                0x008002c4        0x4 variables.o
                0x008002c4                demoStartTime
 .bss.demoState
                0x008002c8        0x1 variables.o
                0x008002c8                demoState
 .bss.hardwareRevision
                0x008002c9        0x1 variables.o
                0x008002c9                hardwareRevision
 .bss.calibrationCycle
                0x008002ca        0x2 variables.o
                0x008002ca                calibrationCycle
 .bss.currentSelector
                0x008002cc        0x1 variables.o
                0x008002cc                currentSelector
 .bss.clockTick
                0x008002cd        0x4 variables.o
                0x008002cd                clockTick
 .bss.timesInSamePos
                0x008002d1        0x2 variables.o
                0x008002d1                timesInSamePos
 .bss.currentAngle
                0x008002d3        0x2 variables.o
                0x008002d3                currentAngle
 .bss.accYMin   0x008002d5        0x2 variables.o
                0x008002d5                accYMin
 .bss.accYMax   0x008002d7        0x2 variables.o
                0x008002d7                accYMax
 .bss.accXMin   0x008002d9        0x2 variables.o
                0x008002d9                accXMin
 .bss.accXMax   0x008002db        0x2 variables.o
                0x008002db                accXMax
 .bss.accOffsetYSum
                0x008002dd        0x2 variables.o
                0x008002dd                accOffsetYSum
 .bss.accOffsetXSum
                0x008002df        0x2 variables.o
                0x008002df                accOffsetXSum
 .bss.accOffsetY
                0x008002e1        0x2 variables.o
                0x008002e1                accOffsetY
 .bss.accOffsetX
                0x008002e3        0x2 variables.o
                0x008002e3                accOffsetX
 .bss.accZ      0x008002e5        0x2 variables.o
                0x008002e5                accZ
 .bss.accY      0x008002e7        0x2 variables.o
                0x008002e7                accY
 .bss.accX      0x008002e9        0x2 variables.o
                0x008002e9                accX
 .bss.useAccel  0x008002eb        0x1 variables.o
                0x008002eb                useAccel
 .bss.lastCmdTime
                0x008002ec        0x4 variables.o
                0x008002ec                lastCmdTime
 .bss.behaviorState
                0x008002f0        0x1 variables.o
                0x008002f0                behaviorState
 .bss.irEnabled
                0x008002f1        0x1 variables.o
                0x008002f1                irEnabled
 .bss.colorState
                0x008002f2        0x1 variables.o
                0x008002f2                colorState
 .bss.command_received
                0x008002f3        0x1 variables.o
                0x008002f3                command_received
 .bss.irCommand
                0x008002f4        0x1 variables.o
                0x008002f4                irCommand
 .bss.getDataNow
                0x008002f5        0x1 variables.o
                0x008002f5                getDataNow
 .bss.menuState
                0x008002f6        0x1 variables.o
                0x008002f6                menuState
 .bss.addressReceived
                0x008002f7        0x1 variables.o
                0x008002f7                addressReceived
 .bss.menuChoice
                0x008002f8        0x1 variables.o
                0x008002f8                menuChoice
 .bss.rgbState  0x008002f9        0x1 variables.o
                0x008002f9                rgbState
 .bss.rfDebugMode
                0x008002fa        0x1 variables.o
                0x008002fa                rfDebugMode
 .bss.spiCommError
                0x008002fb        0x1 variables.o
                0x008002fb                spiCommError
 .bss.rfFlags   0x008002fc        0x1 variables.o
                0x008002fc                rfFlags
 .bss.rfAddress
                0x008002fd        0x2 variables.o
                0x008002fd                rfAddress
 .bss.speedr    0x008002ff        0x2 variables.o
                0x008002ff                speedr
 .bss.speedl    0x00800301        0x2 variables.o
                0x00800301                speedl
 .bss.pwm_left_working
                0x00800303        0x2 variables.o
                0x00800303                pwm_left_working
 .bss.pwm_right_working
                0x00800305        0x2 variables.o
                0x00800305                pwm_right_working
 .bss.delta_right_speed_sum
                0x00800307        0x2 variables.o
                0x00800307                delta_right_speed_sum
 .bss.delta_left_speed_sum
                0x00800309        0x2 variables.o
                0x00800309                delta_left_speed_sum
 .bss.pwm_left_speed_controller
                0x0080030b        0x4 variables.o
                0x0080030b                pwm_left_speed_controller
 .bss.pwm_right_speed_controller
                0x0080030f        0x4 variables.o
                0x0080030f                pwm_right_speed_controller
 .bss.pwm_intermediate_left_desired
                0x00800313        0x2 variables.o
                0x00800313                pwm_intermediate_left_desired
 .bss.pwm_intermediate_right_desired
                0x00800315        0x2 variables.o
                0x00800315                pwm_intermediate_right_desired
 .bss.pwm_left_desired
                0x00800317        0x2 variables.o
                0x00800317                pwm_left_desired
 .bss.pwm_right_desired
                0x00800319        0x2 variables.o
                0x00800319                pwm_right_desired
 .bss.pwm_left  0x0080031b        0x2 variables.o
                0x0080031b                pwm_left
 .bss.pwm_right
                0x0080031d        0x2 variables.o
                0x0080031d                pwm_right
 .bss.last_right_vel
                0x0080031f        0x2 variables.o
                0x0080031f                last_right_vel
 .bss.last_left_vel
                0x00800321        0x2 variables.o
                0x00800321                last_left_vel
 .bss.right_vel_sum
                0x00800323        0x2 variables.o
                0x00800323                right_vel_sum
 .bss.left_vel_sum
                0x00800325        0x2 variables.o
                0x00800325                left_vel_sum
 .bss.pwm_left_desired_to_control
                0x00800327        0x2 variables.o
                0x00800327                pwm_left_desired_to_control
 .bss.pwm_right_desired_to_control
                0x00800329        0x2 variables.o
                0x00800329                pwm_right_desired_to_control
 .bss.right_current_avg
                0x0080032b        0x2 variables.o
                0x0080032b                right_current_avg
 .bss.left_current_avg
                0x0080032d        0x2 variables.o
                0x0080032d                left_current_avg
 .bss.leftMotSteps
                0x0080032f        0x4 variables.o
                0x0080032f                leftMotSteps
 .bss.rightMotSteps
                0x00800333        0x4 variables.o
                0x00800333                rightMotSteps
 .bss.proximityResultLinear
                0x00800337       0x10 variables.o
                0x00800337                proximityResultLinear
 .bss.proxUpdated
                0x00800347        0x1 variables.o
                0x00800347                proxUpdated
 .bss.measBattery
                0x00800348        0x1 variables.o
                0x00800348                measBattery
 .bss.batteryLevel
                0x00800349        0x2 variables.o
                0x00800349                batteryLevel
 .bss.leftChannelPhase
                0x0080034b        0x1 variables.o
                0x0080034b                leftChannelPhase
 .bss.rightChannelPhase
                0x0080034c        0x1 variables.o
                0x0080034c                rightChannelPhase
 .bss.adcSamplingState
                0x0080034d        0x1 variables.o
                0x0080034d                adcSamplingState
 .bss.adcSaveDataTo
                0x0080034e        0x1 variables.o
                0x0080034e                adcSaveDataTo
 .bss.proximitySum
                0x0080034f       0x30 variables.o
                0x0080034f                proximitySum
 .bss.proximityOffset
                0x0080037f       0x18 variables.o
                0x0080037f                proximityOffset
 .bss.proximityResult
                0x00800397       0x18 variables.o
                0x00800397                proximityResult
 .bss.proximityValue
                0x008003af       0x30 variables.o
                0x008003af                proximityValue
 .bss.leftMotorPhase
                0x008003df        0x1 variables.o
                0x008003df                leftMotorPhase
 .bss.rightMotorPhase
                0x008003e0        0x1 variables.o
                0x008003e0                rightMotorPhase
 .bss.currentMotRightChannel
                0x008003e1        0x1 variables.o
                0x008003e1                currentMotRightChannel
 .bss.currentMotLeftChannel
                0x008003e2        0x1 variables.o
                0x008003e2                currentMotLeftChannel
 .bss.currentProx
                0x008003e3        0x1 variables.o
                0x008003e3                currentProx
 .bss.currentAdChannel
                0x008003e4        0x1 variables.o
                0x008003e4                currentAdChannel
 .bss.comm_time
                0x008003e5        0x4 variables.o
                0x008003e5                comm_time
 .bss.control_time
                0x008003e9        0x4 variables.o
                0x008003e9                control_time
 .bss.init_time
                0x008003ed        0x4 variables.o
                0x008003ed                init_time
 .bss.loop_time
                0x008003f1        0x4 variables.o
                0x008003f1                loop_time
 .bss.r_speed   0x008003f5        0x2 variables.o
                0x008003f5                r_speed
 .bss.l_speed   0x008003f7        0x2 variables.o
                0x008003f7                l_speed
 .bss.offset_rwheel
                0x008003f9        0x4 variables.o
                0x008003f9                offset_rwheel
 .bss.start_comm
                0x008003fd        0x1 variables.o
                0x008003fd                start_comm
 .bss.yPos_fixed
                0x008003fe        0x4 variables.o
                0x008003fe                yPos_fixed
 .bss.xPos_fixed
                0x00800402        0x4 variables.o
                0x00800402                xPos_fixed
 .bss.reset_flag
                0x00800406        0x1 variables.o
                0x00800406                reset_flag
 .bss.speed     0x00800407        0x4 variables.o
                0x00800407                speed
 .bss.B         0x0080040b      0x320 variables.o
                0x0080040b                B
 .bss.turn      0x0080072b        0x1 variables.o
                0x0080072b                turn
 .bss.filtered_theta
                0x0080072c        0x4 variables.o
                0x0080072c                filtered_theta
 .bss.count_resets
                0x00800730        0x2 variables.o
                0x00800730                count_resets
 .bss.position  0x00800732        0x8 variables.o
                0x00800732                position
 .bss.fixed_position
                0x0080073a        0x8 variables.o
                0x0080073a                fixed_position
 .bss.Ypos_array
                0x00800742      0x190 variables.o
                0x00800742                Ypos_array
 .bss.Xpos_array
                0x008008d2      0x190 variables.o
                0x008008d2                Xpos_array
 .bss.By        0x00800a62      0x190 variables.o
                0x00800a62                By
 .bss.Bx        0x00800bf2      0x190 variables.o
                0x00800bf2                Bx
 .bss.L         0x00800d82      0x190 variables.o
                0x00800d82                L
 *(COMMON)
 COMMON         0x00800f12        0x1 mirf.o
                0x00800f12                PTX
 COMMON         0x00800f13      0x64f variables.o
                0x00800f13                u_test
                0x00800f1b                irCommMinSensorValueCurr
                0x00800f1d                irCommMaxSensorValueCurrTemp
                0x00800f21                irCommStateTemp
                0x00800f2f                irCommMaxSensorValueCurr
                0x00800f31                timeOdometry
                0x00800f35                currentOsccal
                0x00800f36                irCommSwitchCountTemp
                0x00800f38                calibWheel
                0x00800f39                irCommTxBitToTransmit
                0x00800f45                irCommRxBitReceived
                0x00800f4f                irCommSyncStateTemp
                0x00800f51                irCommComputeShiftTemp
                0x00800f53                calibrateOdomFlag
                0x00800f54                irCommProxMeanTemp
                0x00800f58                delta_left_speed_current
                0x00800f5a                irCommRxStartBitDetectedTemp
                0x00800f5c                irCommMaxSensorSignalFiltTemp
                0x00800fac                irCommMinSensorValueAdc
                0x00800fae                irCommRxPeakHighToLowTemp
                0x00800fb0                irCommProxValuesBuff1
                0x008010f0                irCommRxStartPeakDurationTemp
                0x008010f2                irCommProxValuesBuff2
                0x00801232                irCommProxValuesCurr
                0x00801234                irCommMinSensorValueBuff1
                0x00801244                irCommRxBitReceivedTemp
                0x0080124e                irCommProxValuesAdc
                0x00801250                irCommMaxSensorSignalTemp
                0x008012a0                calibVelIndex
                0x008012a1                irCommStartDiffTemp
                0x008012a5                delta_right_speed_prev
                0x008012a7                ackPayload
                0x008012b7                irCommMinSensorValueBuff2
                0x008012c7                calibration
                0x00801357                dataLED
                0x0080135d                irCommMaxSensorValueBuff1
                0x0080136d                delta_left_speed_prev
                0x0080136f                rfData
                0x0080137c                irCommBitsSignalTemp
                0x0080150c                delta_right_speed_current
                0x0080150e                irCommRxMaxSensorTemp
                0x00801512                irCommMinSensorValueCurrTemp
                0x00801516                timeoutOdometry
                0x0080151a                irCommShiftCountFinalTemp
                0x0080151c                irCommMaxSensorValueAdc
                0x0080151e                irCommMaxSensorSignal
                0x00801546                calibState
                0x00801547                irCommRxMaxDiffTemp
                0x0080154b                irCommMaxSensorValueBuff2
                0x0080155b                tempVel
                0x0080155d                irCommTempPointer
                0x0080155f                startCalibration
                0x00801560                irCommShiftCountTemp
                0x00801562                PROVIDE (__bss_end, .)
                0x0000a506                __data_load_start = LOADADDR (.data)
                0x0000a534                __data_load_end = (__data_load_start + SIZEOF (.data))

.noinit         0x00801562        0x0
                [!provide]                PROVIDE (__noinit_start, .)
 *(.noinit*)
                [!provide]                PROVIDE (__noinit_end, .)
                0x00801562                _end = .
                [!provide]                PROVIDE (__heap_start, .)

.eeprom         0x00810000        0x0
 *(.eeprom*)
                0x00810000                __eeprom_end = .

.fuse
 *(.fuse)
 *(.lfuse)
 *(.hfuse)
 *(.efuse)

.lock
 *(.lock*)

.signature
 *(.signature*)

.user_signatures
 *(.user_signatures*)

.stab
 *(.stab)

.stabstr
 *(.stabstr)

.stab.excl
 *(.stab.excl)

.stab.exclstr
 *(.stab.exclstr)

.stab.index
 *(.stab.index)

.stab.indexstr
 *(.stab.indexstr)

.comment        0x00000000       0x30
 *(.comment)
 .comment       0x00000000       0x30 main.o
                                 0x31 (size before relaxing)
 .comment       0x00000030       0x31 spi.o
 .comment       0x00000030       0x31 mirf.o
 .comment       0x00000030       0x31 ir_remote_control.o
 .comment       0x00000030       0x31 speed_control.o
 .comment       0x00000030       0x31 variables.o
 .comment       0x00000030       0x31 ports_io.o
 .comment       0x00000030       0x31 twimaster.o
 .comment       0x00000030       0x31 usart.o
 .comment       0x00000030       0x31 utility.o
 .comment       0x00000030       0x31 adc.o
 .comment       0x00000030       0x31 motors.o
 .comment       0x00000030       0x31 behaviors.o
 .comment       0x00000030       0x31 leds.o
 .comment       0x00000030       0x31 sensors.o
 .comment       0x00000030       0x31 eepromIO.o
 .comment       0x00000030       0x31 irCommunication.o
 .comment       0x00000030       0x31 c:/program files (x86)/atmel/studio/7.0/toolchain/avr8/avr8-gnu-toolchain/bin/../lib/gcc/avr/5.4.0/../../../../avr/lib/avr6\libc.a(rand.o)

.note.gnu.avr.deviceinfo
                0x00000000       0x40
 .note.gnu.avr.deviceinfo
                0x00000000       0x40 c:/program files (x86)/atmel/studio/7.0/toolchain/avr8/avr8-gnu-toolchain/bin/../lib/gcc/avr/5.4.0/../../../../avr/lib/avr6/crtatmega2560.o

.note.gnu.build-id
 *(.note.gnu.build-id)

.debug
 *(.debug)

.line
 *(.line)

.debug_srcinfo
 *(.debug_srcinfo)

.debug_sfnames
 *(.debug_sfnames)

.debug_aranges  0x00000000      0x5b8
 *(.debug_aranges)
 .debug_aranges
                0x00000000       0x48 main.o
 .debug_aranges
                0x00000048       0x48 spi.o
 .debug_aranges
                0x00000090       0xc0 mirf.o
 .debug_aranges
                0x00000150       0x50 ir_remote_control.o
 .debug_aranges
                0x000001a0       0x30 speed_control.o
 .debug_aranges
                0x000001d0       0x18 variables.o
 .debug_aranges
                0x000001e8       0x20 ports_io.o
 .debug_aranges
                0x00000208       0x60 twimaster.o
 .debug_aranges
                0x00000268       0x58 usart.o
 .debug_aranges
                0x000002c0       0x58 utility.o
 .debug_aranges
                0x00000318       0x28 adc.o
 .debug_aranges
                0x00000340       0xc0 motors.o
 .debug_aranges
                0x00000400       0x50 behaviors.o
 .debug_aranges
                0x00000450       0x58 leds.o
 .debug_aranges
                0x000004a8       0x68 sensors.o
 .debug_aranges
                0x00000510       0x28 eepromIO.o
 .debug_aranges
                0x00000538       0x80 irCommunication.o

.debug_pubnames
 *(.debug_pubnames)

.debug_info     0x00000000     0x96a8
 *(.debug_info .gnu.linkonce.wi.*)
 .debug_info    0x00000000      0xbbc c:/program files (x86)/atmel/studio/7.0/toolchain/avr8/avr8-gnu-toolchain/bin/../lib/gcc/avr/5.4.0/../../../../avr/lib/avr6/crtatmega2560.o
 .debug_info    0x00000bbc     0x1a99 main.o
 .debug_info    0x00002655      0x28d spi.o
 .debug_info    0x000028e2     0x12b6 mirf.o
 .debug_info    0x00003b98      0x422 ir_remote_control.o
 .debug_info    0x00003fba      0x1e7 speed_control.o
 .debug_info    0x000041a1     0x18ae variables.o
 .debug_info    0x00005a4f      0x10a ports_io.o
 .debug_info    0x00005b59      0x2d1 twimaster.o
 .debug_info    0x00005e2a      0x37b usart.o
 .debug_info    0x000061a5      0x4b9 utility.o
 .debug_info    0x0000665e      0x4f1 adc.o
 .debug_info    0x00006b4f      0xaaa motors.o
 .debug_info    0x000075f9      0x2b9 behaviors.o
 .debug_info    0x000078b2      0x22f leds.o
 .debug_info    0x00007ae1      0xbd9 sensors.o
 .debug_info    0x000086ba      0x1e1 eepromIO.o
 .debug_info    0x0000889b      0xe0d irCommunication.o

.debug_abbrev   0x00000000     0x23ed
 *(.debug_abbrev)
 .debug_abbrev  0x00000000      0xb1a c:/program files (x86)/atmel/studio/7.0/toolchain/avr8/avr8-gnu-toolchain/bin/../lib/gcc/avr/5.4.0/../../../../avr/lib/avr6/crtatmega2560.o
 .debug_abbrev  0x00000b1a      0x2af main.o
 .debug_abbrev  0x00000dc9      0x13b spi.o
 .debug_abbrev  0x00000f04      0x352 mirf.o
 .debug_abbrev  0x00001256      0x161 ir_remote_control.o
 .debug_abbrev  0x000013b7       0x96 speed_control.o
 .debug_abbrev  0x0000144d       0x88 variables.o
 .debug_abbrev  0x000014d5       0x73 ports_io.o
 .debug_abbrev  0x00001548      0x169 twimaster.o
 .debug_abbrev  0x000016b1      0x1d1 usart.o
 .debug_abbrev  0x00001882      0x142 utility.o
 .debug_abbrev  0x000019c4      0x105 adc.o
 .debug_abbrev  0x00001ac9      0x2b0 motors.o
 .debug_abbrev  0x00001d79      0x12e behaviors.o
 .debug_abbrev  0x00001ea7       0xa9 leds.o
 .debug_abbrev  0x00001f50      0x1ff sensors.o
 .debug_abbrev  0x0000214f       0xbe eepromIO.o
 .debug_abbrev  0x0000220d      0x1e0 irCommunication.o

.debug_line     0x00000000     0x6bfd
 *(.debug_line .debug_line.* .debug_line_end)
 .debug_line    0x00000000       0x1a c:/program files (x86)/atmel/studio/7.0/toolchain/avr8/avr8-gnu-toolchain/bin/../lib/gcc/avr/5.4.0/../../../../avr/lib/avr6/crtatmega2560.o
 .debug_line    0x0000001a      0xeba main.o
 .debug_line    0x00000ed4      0x215 spi.o
 .debug_line    0x000010e9      0xbb9 mirf.o
 .debug_line    0x00001ca2      0x5d4 ir_remote_control.o
 .debug_line    0x00002276      0x25c speed_control.o
 .debug_line    0x000024d2       0x90 variables.o
 .debug_line    0x00002562      0x184 ports_io.o
 .debug_line    0x000026e6      0x2e3 twimaster.o
 .debug_line    0x000029c9      0x33c usart.o
 .debug_line    0x00002d05      0x412 utility.o
 .debug_line    0x00003117      0x977 adc.o
 .debug_line    0x00003a8e     0x11a6 motors.o
 .debug_line    0x00004c34      0x2bc behaviors.o
 .debug_line    0x00004ef0      0x30a leds.o
 .debug_line    0x000051fa      0x908 sensors.o
 .debug_line    0x00005b02      0x134 eepromIO.o
 .debug_line    0x00005c36      0xfc7 irCommunication.o

.debug_frame    0x00000000     0x110c
 *(.debug_frame)
 .debug_frame   0x00000000      0x1ec main.o
 .debug_frame   0x000001ec       0x74 spi.o
 .debug_frame   0x00000260      0x264 mirf.o
 .debug_frame   0x000004c4       0xe0 ir_remote_control.o
 .debug_frame   0x000005a4       0xac speed_control.o
 .debug_frame   0x00000650       0x24 ports_io.o
 .debug_frame   0x00000674       0xa4 twimaster.o
 .debug_frame   0x00000718       0xdc usart.o
 .debug_frame   0x000007f4       0xac utility.o
 .debug_frame   0x000008a0       0x8c adc.o
 .debug_frame   0x0000092c      0x3c4 motors.o
 .debug_frame   0x00000cf0       0xe4 behaviors.o
 .debug_frame   0x00000dd4       0x94 leds.o
 .debug_frame   0x00000e68      0x124 sensors.o
 .debug_frame   0x00000f8c       0x34 eepromIO.o
 .debug_frame   0x00000fc0      0x14c irCommunication.o

.debug_str      0x00000000     0x25d2
 *(.debug_str)
 .debug_str     0x00000000      0x3e6 c:/program files (x86)/atmel/studio/7.0/toolchain/avr8/avr8-gnu-toolchain/bin/../lib/gcc/avr/5.4.0/../../../../avr/lib/avr6/crtatmega2560.o
 .debug_str     0x000003e6      0x6ff main.o
                                0x764 (size before relaxing)
 .debug_str     0x00000ae5       0x74 spi.o
                                0x237 (size before relaxing)
 .debug_str     0x00000b59      0x270 mirf.o
                                0x57e (size before relaxing)
 .debug_str     0x00000dc9      0x13b ir_remote_control.o
                                0x420 (size before relaxing)
 .debug_str     0x00000f04      0x17b speed_control.o
                                0x330 (size before relaxing)
 .debug_str     0x0000107f      0xfba variables.o
                               0x1567 (size before relaxing)
 .debug_str     0x00002039       0x1c ports_io.o
                                0x1e1 (size before relaxing)
 .debug_str     0x00002055       0x7b twimaster.o
                                0x245 (size before relaxing)
 .debug_str     0x000020d0       0xa7 usart.o
                                0x2ed (size before relaxing)
 .debug_str     0x00002177       0xa3 utility.o
                                0x411 (size before relaxing)
 .debug_str     0x0000221a       0x31 adc.o
                                0x5ec (size before relaxing)
 .debug_str     0x0000224b      0x14f motors.o
                                0x7e0 (size before relaxing)
 .debug_str     0x0000239a       0x58 behaviors.o
                                0x30e (size before relaxing)
 .debug_str     0x000023f2       0x53 leds.o
                                0x272 (size before relaxing)
 .debug_str     0x00002445       0x67 sensors.o
                                0x4a8 (size before relaxing)
 .debug_str     0x000024ac       0x49 eepromIO.o
                                0x24c (size before relaxing)
 .debug_str     0x000024f5       0xdd irCommunication.o
                                0xb7f (size before relaxing)

.debug_loc      0x00000000     0x6581
 *(.debug_loc)
 .debug_loc     0x00000000     0x25e2 main.o
 .debug_loc     0x000025e2      0x259 spi.o
 .debug_loc     0x0000283b      0xcac mirf.o
 .debug_loc     0x000034e7      0x199 ir_remote_control.o
 .debug_loc     0x00003680      0x17e speed_control.o
 .debug_loc     0x000037fe      0x1d3 twimaster.o
 .debug_loc     0x000039d1      0x1dd usart.o
 .debug_loc     0x00003bae       0xbc utility.o
 .debug_loc     0x00003c6a      0x18f adc.o
 .debug_loc     0x00003df9     0x19c5 motors.o
 .debug_loc     0x000057be      0x492 behaviors.o
 .debug_loc     0x00005c50       0x84 leds.o
 .debug_loc     0x00005cd4      0x5da sensors.o
 .debug_loc     0x000062ae      0x2d3 irCommunication.o

.debug_macinfo
 *(.debug_macinfo)

.debug_weaknames
 *(.debug_weaknames)

.debug_funcnames
 *(.debug_funcnames)

.debug_typenames
 *(.debug_typenames)

.debug_varnames
 *(.debug_varnames)

.debug_pubtypes
 *(.debug_pubtypes)

.debug_ranges   0x00000000      0x838
 *(.debug_ranges)
 .debug_ranges  0x00000000      0x278 main.o
 .debug_ranges  0x00000278       0x90 spi.o
 .debug_ranges  0x00000308       0xc8 mirf.o
 .debug_ranges  0x000003d0       0x40 ir_remote_control.o
 .debug_ranges  0x00000410       0x20 speed_control.o
 .debug_ranges  0x00000430       0x10 ports_io.o
 .debug_ranges  0x00000440       0x50 twimaster.o
 .debug_ranges  0x00000490       0x48 usart.o
 .debug_ranges  0x000004d8       0x48 utility.o
 .debug_ranges  0x00000520       0x18 adc.o
 .debug_ranges  0x00000538      0x180 motors.o
 .debug_ranges  0x000006b8       0x40 behaviors.o
 .debug_ranges  0x000006f8       0x48 leds.o
 .debug_ranges  0x00000740       0x70 sensors.o
 .debug_ranges  0x000007b0       0x18 eepromIO.o
 .debug_ranges  0x000007c8       0x70 irCommunication.o

.debug_macro
 *(.debug_macro)
OUTPUT(Elisa3-avr-studio.elf elf32-avr)
LOAD linker stubs
